******************************************************************************
                  TI ARM Linker PC v5.1.10                     
******************************************************************************
>> Linked Sun Apr 12 16:42:24 2015

OUTPUT FILE NAME:   <Ethernet.out>
ENTRY POINT SYMBOL: "_c_int00"  address: 00001a05


MEMORY CONFIGURATION

         name            origin    length      used     unused   attr    fill
----------------------  --------  ---------  --------  --------  ----  --------
  FLASH                 00000000   00040000  00001b92  0003e46e  R  X
  SRAM                  20000000   00008000  00000246  00007dba  RW X


SEGMENT ALLOCATION MAP

run origin  load origin   length   init length attrs members
----------  ----------- ---------- ----------- ----- -------
00000000    00000000    00001b98   00001b98    r-x
  00000000    00000000    0000026c   0000026c    r-- .intvecs
  0000026c    0000026c    000018e6   000018e6    r-x .text
  00001b58    00001b58    00000040   00000040    r-- .cinit
20000000    20000000    00000248   00000000    rw-
  20000000    20000000    00000200   00000000    rw- .stack
  20000200    20000200    00000026   00000000    rw- .bss
  20000228    20000228    00000020   00000000    rw- .data


SECTION ALLOCATION MAP

 output                                  attributes/
section   page    origin      length       input sections
--------  ----  ----------  ----------   ----------------
.init_array 
*          0    00000000    00000000     UNINITIALIZED

.intvecs   0    00000000    0000026c     
                  00000000    0000026c     tm4c123gh6pm_startup_ccs.obj (.intvecs)

.text      0    0000026c    000018e6     
                  0000026c    000013d8     enc28j60.obj (.text)
                  00001644    00000230     ethernet (2).obj (.text)
                  00001874    0000009c     rtsv7M4_T_le_v4SPD16_eabi.lib : memcpy_t2.obj (.text)
                  00001910    00000094                                   : auto_init.obj (.text)
                  000019a4    0000005e                                   : copy_decompress_rle.obj (.text)
                  00001a02    00000002     --HOLE-- [fill = 0]
                  00001a04    00000048                                   : boot.obj (.text)
                  00001a4c    00000044                                   : cpy_tbl.obj (.text)
                  00001a90    00000044                                   : exit.obj (.text)
                  00001ad4    00000020     wait.obj (.text)
                  00001af4    00000018     rtsv7M4_T_le_v4SPD16_eabi.lib : args_main.obj (.text)
                  00001b0c    00000014                                   : _lock.obj (.text)
                  00001b20    00000012                                   : copy_zero_init.obj (.text:decompress:ZI)
                  00001b32    0000000e                                   : copy_decompress_none.obj (.text:decompress:none)
                  00001b40    0000000c     tm4c123gh6pm_startup_ccs.obj (.text)
                  00001b4c    00000006     rtsv7M4_T_le_v4SPD16_eabi.lib : copy_decompress_rle.obj (.text:decompress:rle24)

.cinit     0    00001b58    00000040     
                  00001b58    0000001b     (.cinit..data.load) [load image, compression = rle]
                  00001b73    00000001     --HOLE-- [fill = 0]
                  00001b74    0000000c     (__TI_handler_table)
                  00001b80    00000008     (.cinit..bss.load) [load image, compression = zero_init]
                  00001b88    00000010     (__TI_cinit_table)

.stack     0    20000000    00000200     UNINITIALIZED
                  20000000    00000200     --HOLE--

.bss       0    20000200    00000026     UNINITIALIZED
                  20000200    00000004     (.common:arp)
                  20000204    00000004     (.common:enc28j60)
                  20000208    00000004     (.common:ether)
                  2000020c    00000004     (.common:icmp)
                  20000210    00000004     (.common:ip)
                  20000214    00000004     (.common:ipv4Address)
                  20000218    00000004     (.common:sum)
                  2000021c    00000004     (.common:tcp)
                  20000220    00000004     (.common:udp)
                  20000224    00000002     (.common:received_Checksum)

.data      0    20000228    00000020     UNINITIALIZED
                  20000228    00000009     enc28j60.obj (.data)
                  20000231    00000003     --HOLE--
                  20000234    00000008     rtsv7M4_T_le_v4SPD16_eabi.lib : _lock.obj (.data)
                  2000023c    00000008                                   : exit.obj (.data)
                  20000244    00000004                                   : stkdepth_vars.obj (.data)


LINKER GENERATED COPY TABLES

__TI_cinit_table @ 00001b88 records: 2, size/record: 8, table size: 16
	.data: load addr=00001b58, load size=0000001b bytes, run addr=20000228, run size=00000020 bytes, compression=rle
	.bss: load addr=00001b80, load size=00000008 bytes, run addr=20000200, run size=00000026 bytes, compression=zero_init


LINKER GENERATED HANDLER TABLE

__TI_handler_table @ 00001b74 records: 3, size/record: 4, table size: 12
	index: 0, handler: __TI_decompress_rle24
	index: 1, handler: __TI_decompress_none
	index: 2, handler: __TI_zero_init


GLOBAL SYMBOLS: SORTED ALPHABETICALLY BY Name 

address    name
--------   ----
00001a91   C$$EXIT
00001b41   ResetISR
UNDEFED    SHT$$INIT_ARRAY$$Base
UNDEFED    SHT$$INIT_ARRAY$$Limit
20000200   __STACK_END
00000200   __STACK_SIZE
20000200   __STACK_TOP
00001b88   __TI_CINIT_Base
00001b98   __TI_CINIT_Limit
00001b74   __TI_Handler_Table_Base
00001b80   __TI_Handler_Table_Limit
00000001   __TI_args_main
00001911   __TI_auto_init
2000023c   __TI_cleanup_ptr
00001b33   __TI_decompress_none
00001b4d   __TI_decompress_rle24
20000240   __TI_dtors_ptr
00001b58   __TI_static_base__
00001b21   __TI_zero_init
00001875   __aeabi_memcpy
00001875   __aeabi_memcpy4
00001875   __aeabi_memcpy8
ffffffff   __binit__
ffffffff   __c_args__
20000000   __stack
00001af5   _args_main
00001a05   _c_int00
20000234   _lock
00001b1b   _nop
00001b13   _register_lock
00001b0d   _register_unlock
20000238   _unlock
00001a95   abort
20000200   arp
ffffffff   binit
00001a4d   copy_in
20000204   enc28j60
20000208   ether
000010c5   etherCalcIpChecksum
00000345   etherClearReg
000002a1   etherCsOff
00000291   etherCsOn
000015af   etherGetId
0000062d   etherGetPacket
00001077   etherGetTcpData
00001037   etherGetUdpData
000015bb   etherIncId
000004a1   etherInit
00000be9   etherIsArp
00000975   etherIsIp
000009db   etherIsIpUnicast
00000707   etherIsOverflow
00000a4f   etherIsPingReq
00000f59   etherIsTcp
00000ea5   etherIsUdp
000015c5   etherIsValidIp
00000619   etherKbhit
0000072f   etherPutPacket
00000483   etherReadMem
00000471   etherReadMemStart
00000491   etherReadMemStop
000003cf   etherReadPhy
000002dd   etherReadReg
00001391   etherRespondttoHandshake1
00000d7d   etherSendArpReq
00000c71   etherSendArpResp
00000aa9   etherSendPingResp
00001109   etherSendUdpData
0000037b   etherSetBank
000015e9   etherSetIpAddress
0000030f   etherSetReg
00000811   etherSumWords
00000455   etherWriteMem
00000443   etherWriteMemStart
00000469   etherWriteMemStop
00000397   etherWritePhy
000002a9   etherWriteReg
0000132d   etherisHandshake1
00001549   etherisHandshake3
00001a9d   exit
00000000   g_pfnVectors
0000090d   getEtherChecksum
00000947   htons
2000020c   icmp
00001645   initHw
20000210   ip
20000214   ipv4Address
2000022b   macAddress
000016f3   main
20000244   main_func_sp
00001875   memcpy
00000883   myEtherSumWords
20000228   nextPacketLsb
20000229   nextPacketMsb
20000224   received_Checksum
2000022a   sequenceId
00000289   spiRead
0000026d   spiWrite
20000218   sum
2000021c   tcp
20000220   udp
00001ad5   waitMicrosecond


GLOBAL SYMBOLS: SORTED BY Symbol Address 

address    name
--------   ----
00000000   g_pfnVectors
00000001   __TI_args_main
00000200   __STACK_SIZE
0000026d   spiWrite
00000289   spiRead
00000291   etherCsOn
000002a1   etherCsOff
000002a9   etherWriteReg
000002dd   etherReadReg
0000030f   etherSetReg
00000345   etherClearReg
0000037b   etherSetBank
00000397   etherWritePhy
000003cf   etherReadPhy
00000443   etherWriteMemStart
00000455   etherWriteMem
00000469   etherWriteMemStop
00000471   etherReadMemStart
00000483   etherReadMem
00000491   etherReadMemStop
000004a1   etherInit
00000619   etherKbhit
0000062d   etherGetPacket
00000707   etherIsOverflow
0000072f   etherPutPacket
00000811   etherSumWords
00000883   myEtherSumWords
0000090d   getEtherChecksum
00000947   htons
00000975   etherIsIp
000009db   etherIsIpUnicast
00000a4f   etherIsPingReq
00000aa9   etherSendPingResp
00000be9   etherIsArp
00000c71   etherSendArpResp
00000d7d   etherSendArpReq
00000ea5   etherIsUdp
00000f59   etherIsTcp
00001037   etherGetUdpData
00001077   etherGetTcpData
000010c5   etherCalcIpChecksum
00001109   etherSendUdpData
0000132d   etherisHandshake1
00001391   etherRespondttoHandshake1
00001549   etherisHandshake3
000015af   etherGetId
000015bb   etherIncId
000015c5   etherIsValidIp
000015e9   etherSetIpAddress
00001645   initHw
000016f3   main
00001875   __aeabi_memcpy
00001875   __aeabi_memcpy4
00001875   __aeabi_memcpy8
00001875   memcpy
00001911   __TI_auto_init
00001a05   _c_int00
00001a4d   copy_in
00001a91   C$$EXIT
00001a95   abort
00001a9d   exit
00001ad5   waitMicrosecond
00001af5   _args_main
00001b0d   _register_unlock
00001b13   _register_lock
00001b1b   _nop
00001b21   __TI_zero_init
00001b33   __TI_decompress_none
00001b41   ResetISR
00001b4d   __TI_decompress_rle24
00001b58   __TI_static_base__
00001b74   __TI_Handler_Table_Base
00001b80   __TI_Handler_Table_Limit
00001b88   __TI_CINIT_Base
00001b98   __TI_CINIT_Limit
20000000   __stack
20000200   __STACK_END
20000200   __STACK_TOP
20000200   arp
20000204   enc28j60
20000208   ether
2000020c   icmp
20000210   ip
20000214   ipv4Address
20000218   sum
2000021c   tcp
20000220   udp
20000224   received_Checksum
20000228   nextPacketLsb
20000229   nextPacketMsb
2000022a   sequenceId
2000022b   macAddress
20000234   _lock
20000238   _unlock
2000023c   __TI_cleanup_ptr
20000240   __TI_dtors_ptr
20000244   main_func_sp
ffffffff   __binit__
ffffffff   __c_args__
ffffffff   binit
UNDEFED    SHT$$INIT_ARRAY$$Base
UNDEFED    SHT$$INIT_ARRAY$$Limit

[102 symbols]
