******************************************************************************
                  TI ARM Linker PC v5.1.10                     
******************************************************************************
>> Linked Mon Apr 13 19:28:48 2015

OUTPUT FILE NAME:   <final_Ethernet.out>
ENTRY POINT SYMBOL: "_c_int00"  address: 000020a9


MEMORY CONFIGURATION

         name            origin    length      used     unused   attr    fill
----------------------  --------  ---------  --------  --------  ----  --------
  FLASH                 00000000   00040000  00002236  0003ddca  R  X
  SRAM                  20000000   00008000  00000888  00007778  RW X


SEGMENT ALLOCATION MAP

run origin  load origin   length   init length attrs members
----------  ----------- ---------- ----------- ----- -------
00000000    00000000    00002238   00002238    r-x
  00000000    00000000    0000026c   0000026c    r-- .intvecs
  0000026c    0000026c    00001f8a   00001f8a    r-x .text
  000021f8    000021f8    00000040   00000040    r-- .cinit
20000000    20000000    00000888   00000000    rw-
  20000000    20000000    00000668   00000000    rw- .bss
  20000668    20000668    00000200   00000000    rw- .stack
  20000868    20000868    00000020   00000000    rw- .data


SECTION ALLOCATION MAP

 output                                  attributes/
section   page    origin      length       input sections
--------  ----  ----------  ----------   ----------------
.init_array 
*          0    00000000    00000000     UNINITIALIZED

.intvecs   0    00000000    0000026c     
                  00000000    0000026c     tm4c123gh6pm_startup_ccs.obj (.intvecs)

.text      0    0000026c    00001f8a     
                  0000026c    00001a64     enc28j60.obj (.text)
                  00001cd0    00000248     ethernet (2).obj (.text)
                  00001f18    0000009c     rtsv7M4_T_le_v4SPD16_eabi.lib : memcpy_t2.obj (.text)
                  00001fb4    00000094                                   : auto_init.obj (.text)
                  00002048    0000005e                                   : copy_decompress_rle.obj (.text)
                  000020a6    00000002     --HOLE-- [fill = 0]
                  000020a8    00000048                                   : boot.obj (.text)
                  000020f0    00000044                                   : cpy_tbl.obj (.text)
                  00002134    00000044                                   : exit.obj (.text)
                  00002178    00000020     wait.obj (.text)
                  00002198    00000018     rtsv7M4_T_le_v4SPD16_eabi.lib : args_main.obj (.text)
                  000021b0    00000014                                   : _lock.obj (.text)
                  000021c4    00000012                                   : copy_zero_init.obj (.text:decompress:ZI)
                  000021d6    0000000e                                   : copy_decompress_none.obj (.text:decompress:none)
                  000021e4    0000000c     tm4c123gh6pm_startup_ccs.obj (.text)
                  000021f0    00000006     rtsv7M4_T_le_v4SPD16_eabi.lib : copy_decompress_rle.obj (.text:decompress:rle24)

.cinit     0    000021f8    00000040     
                  000021f8    0000001b     (.cinit..data.load) [load image, compression = rle]
                  00002213    00000001     --HOLE-- [fill = 0]
                  00002214    0000000c     (__TI_handler_table)
                  00002220    00000008     (.cinit..bss.load) [load image, compression = zero_init]
                  00002228    00000010     (__TI_cinit_table)

.bss       0    20000000    00000668     UNINITIALIZED
                  20000000    00000640     ethernet (2).obj (.bss:data)
                  20000640    00000004     (.common:arp)
                  20000644    00000004     (.common:enc28j60)
                  20000648    00000004     (.common:ether)
                  2000064c    00000004     (.common:icmp)
                  20000650    00000004     (.common:ip)
                  20000654    00000004     (.common:ipv4Address)
                  20000658    00000004     (.common:sum)
                  2000065c    00000004     (.common:tcp)
                  20000660    00000004     (.common:udp)
                  20000664    00000002     (.common:received_Checksum)
                  20000666    00000002     (.common:tcp_DataCount)

.stack     0    20000668    00000200     UNINITIALIZED
                  20000668    00000200     --HOLE--

.data      0    20000868    00000020     UNINITIALIZED
                  20000868    00000009     enc28j60.obj (.data)
                  20000871    00000003     --HOLE--
                  20000874    00000008     rtsv7M4_T_le_v4SPD16_eabi.lib : _lock.obj (.data)
                  2000087c    00000008                                   : exit.obj (.data)
                  20000884    00000004                                   : stkdepth_vars.obj (.data)


LINKER GENERATED COPY TABLES

__TI_cinit_table @ 00002228 records: 2, size/record: 8, table size: 16
	.data: load addr=000021f8, load size=0000001b bytes, run addr=20000868, run size=00000020 bytes, compression=rle
	.bss: load addr=00002220, load size=00000008 bytes, run addr=20000000, run size=00000668 bytes, compression=zero_init


LINKER GENERATED HANDLER TABLE

__TI_handler_table @ 00002214 records: 3, size/record: 4, table size: 12
	index: 0, handler: __TI_decompress_rle24
	index: 1, handler: __TI_decompress_none
	index: 2, handler: __TI_zero_init


GLOBAL SYMBOLS: SORTED ALPHABETICALLY BY Name 

address    name
--------   ----
00002135   C$$EXIT
000021e5   ResetISR
UNDEFED    SHT$$INIT_ARRAY$$Base
UNDEFED    SHT$$INIT_ARRAY$$Limit
20000868   __STACK_END
00000200   __STACK_SIZE
20000868   __STACK_TOP
00002228   __TI_CINIT_Base
00002238   __TI_CINIT_Limit
00002214   __TI_Handler_Table_Base
00002220   __TI_Handler_Table_Limit
00000001   __TI_args_main
00001fb5   __TI_auto_init
2000087c   __TI_cleanup_ptr
000021d7   __TI_decompress_none
000021f1   __TI_decompress_rle24
20000880   __TI_dtors_ptr
00000000   __TI_static_base__
000021c5   __TI_zero_init
00001f19   __aeabi_memcpy
00001f19   __aeabi_memcpy4
00001f19   __aeabi_memcpy8
ffffffff   __binit__
ffffffff   __c_args__
20000668   __stack
00002199   _args_main
000020a9   _c_int00
20000874   _lock
000021bf   _nop
000021b7   _register_lock
000021b1   _register_unlock
20000878   _unlock
00002139   abort
20000640   arp
ffffffff   binit
000020f1   copy_in
20000000   data
20000644   enc28j60
20000648   ether
000010fb   etherCalcIpChecksum
00000345   etherClearReg
000002a1   etherCsOff
00000291   etherCsOn
00001c39   etherGetId
0000062d   etherGetPacket
000010ad   etherGetTcpData
0000106d   etherGetUdpData
00001c45   etherIncId
000004a1   etherInit
00000be9   etherIsArp
00000975   etherIsIp
000009db   etherIsIpUnicast
00000707   etherIsOverflow
00000a4f   etherIsPingReq
00000f59   etherIsTcp
00000ea5   etherIsUdp
00001c4f   etherIsValidIp
00000619   etherKbhit
0000072f   etherPutPacket
00000483   etherReadMem
00000471   etherReadMemStart
00000491   etherReadMemStop
000003cf   etherReadPhy
000002dd   etherReadReg
00001595   etherRespondToData
0000179b   etherRespondToTelnetData
000013cd   etherRespondtoHandshake1
00001a71   etherResponsetoTcpClose
00000d7d   etherSendArpReq
00000c71   etherSendArpResp
00000aa9   etherSendPingResp
00001149   etherSendUdpData
0000037b   etherSetBank
00001c73   etherSetIpAddress
0000030f   etherSetReg
00000811   etherSumWords
00000455   etherWriteMem
00000443   etherWriteMemStart
00000469   etherWriteMemStop
00000397   etherWritePhy
000002a9   etherWriteReg
00001367   etherisHandshake1
00001961   etherisHandshake3
000019ed   etherisTcpClose
00002141   exit
00000000   g_pfnVectors
0000090d   getEtherChecksum
00000947   htons
2000064c   icmp
00001cd1   initHw
20000650   ip
20000654   ipv4Address
2000086b   macAddress
00001d7f   main
20000884   main_func_sp
00001f19   memcpy
00000883   myEtherSumWords
20000868   nextPacketLsb
20000869   nextPacketMsb
20000664   received_Checksum
2000086a   sequenceId
00000289   spiRead
0000026d   spiWrite
20000658   sum
2000065c   tcp
20000666   tcp_DataCount
20000660   udp
00002179   waitMicrosecond


GLOBAL SYMBOLS: SORTED BY Symbol Address 

address    name
--------   ----
00000000   __TI_static_base__
00000000   g_pfnVectors
00000001   __TI_args_main
00000200   __STACK_SIZE
0000026d   spiWrite
00000289   spiRead
00000291   etherCsOn
000002a1   etherCsOff
000002a9   etherWriteReg
000002dd   etherReadReg
0000030f   etherSetReg
00000345   etherClearReg
0000037b   etherSetBank
00000397   etherWritePhy
000003cf   etherReadPhy
00000443   etherWriteMemStart
00000455   etherWriteMem
00000469   etherWriteMemStop
00000471   etherReadMemStart
00000483   etherReadMem
00000491   etherReadMemStop
000004a1   etherInit
00000619   etherKbhit
0000062d   etherGetPacket
00000707   etherIsOverflow
0000072f   etherPutPacket
00000811   etherSumWords
00000883   myEtherSumWords
0000090d   getEtherChecksum
00000947   htons
00000975   etherIsIp
000009db   etherIsIpUnicast
00000a4f   etherIsPingReq
00000aa9   etherSendPingResp
00000be9   etherIsArp
00000c71   etherSendArpResp
00000d7d   etherSendArpReq
00000ea5   etherIsUdp
00000f59   etherIsTcp
0000106d   etherGetUdpData
000010ad   etherGetTcpData
000010fb   etherCalcIpChecksum
00001149   etherSendUdpData
00001367   etherisHandshake1
000013cd   etherRespondtoHandshake1
00001595   etherRespondToData
0000179b   etherRespondToTelnetData
00001961   etherisHandshake3
000019ed   etherisTcpClose
00001a71   etherResponsetoTcpClose
00001c39   etherGetId
00001c45   etherIncId
00001c4f   etherIsValidIp
00001c73   etherSetIpAddress
00001cd1   initHw
00001d7f   main
00001f19   __aeabi_memcpy
00001f19   __aeabi_memcpy4
00001f19   __aeabi_memcpy8
00001f19   memcpy
00001fb5   __TI_auto_init
000020a9   _c_int00
000020f1   copy_in
00002135   C$$EXIT
00002139   abort
00002141   exit
00002179   waitMicrosecond
00002199   _args_main
000021b1   _register_unlock
000021b7   _register_lock
000021bf   _nop
000021c5   __TI_zero_init
000021d7   __TI_decompress_none
000021e5   ResetISR
000021f1   __TI_decompress_rle24
00002214   __TI_Handler_Table_Base
00002220   __TI_Handler_Table_Limit
00002228   __TI_CINIT_Base
00002238   __TI_CINIT_Limit
20000000   data
20000640   arp
20000644   enc28j60
20000648   ether
2000064c   icmp
20000650   ip
20000654   ipv4Address
20000658   sum
2000065c   tcp
20000660   udp
20000664   received_Checksum
20000666   tcp_DataCount
20000668   __stack
20000868   __STACK_END
20000868   __STACK_TOP
20000868   nextPacketLsb
20000869   nextPacketMsb
2000086a   sequenceId
2000086b   macAddress
20000874   _lock
20000878   _unlock
2000087c   __TI_cleanup_ptr
20000880   __TI_dtors_ptr
20000884   main_func_sp
ffffffff   __binit__
ffffffff   __c_args__
ffffffff   binit
UNDEFED    SHT$$INIT_ARRAY$$Base
UNDEFED    SHT$$INIT_ARRAY$$Limit

[108 symbols]
