******************************************************************************
                  TI ARM Linker PC v5.1.10                     
******************************************************************************
>> Linked Fri Apr 17 03:44:34 2015

OUTPUT FILE NAME:   <final_Ethernet1.out>
ENTRY POINT SYMBOL: "_c_int00"  address: 0000216d


MEMORY CONFIGURATION

         name            origin    length      used     unused   attr    fill
----------------------  --------  ---------  --------  --------  ----  --------
  FLASH                 00000000   00040000  000022fa  0003dd06  R  X
  SRAM                  20000000   00008000  00000888  00007778  RW X


SEGMENT ALLOCATION MAP

run origin  load origin   length   init length attrs members
----------  ----------- ---------- ----------- ----- -------
00000000    00000000    00002300   00002300    r-x
  00000000    00000000    0000026c   0000026c    r-- .intvecs
  0000026c    0000026c    0000204e   0000204e    r-x .text
  000022c0    000022c0    00000040   00000040    r-- .cinit
20000000    20000000    00000888   00000000    rw-
  20000000    20000000    00000668   00000000    rw- .bss
  20000668    20000668    00000200   00000000    rw- .stack
  20000868    20000868    00000020   00000000    rw- .data


SECTION ALLOCATION MAP

 output                                  attributes/
section   page    origin      length       input sections
--------  ----  ----------  ----------   ----------------
.init_array 
*          0    00000000    00000000     UNINITIALIZED

.intvecs   0    00000000    0000026c     
                  00000000    0000026c     tm4c123gh6pm_startup_ccs.obj (.intvecs)

.text      0    0000026c    0000204e     
                  0000026c    00001b28     enc28j60.obj (.text)
                  00001d94    00000248     ethernet (2).obj (.text)
                  00001fdc    0000009c     rtsv7M4_T_le_v4SPD16_eabi.lib : memcpy_t2.obj (.text)
                  00002078    00000094                                   : auto_init.obj (.text)
                  0000210c    0000005e                                   : copy_decompress_rle.obj (.text)
                  0000216a    00000002     --HOLE-- [fill = 0]
                  0000216c    00000048                                   : boot.obj (.text)
                  000021b4    00000044                                   : cpy_tbl.obj (.text)
                  000021f8    00000044                                   : exit.obj (.text)
                  0000223c    00000020     wait.obj (.text)
                  0000225c    00000018     rtsv7M4_T_le_v4SPD16_eabi.lib : args_main.obj (.text)
                  00002274    00000014                                   : _lock.obj (.text)
                  00002288    00000012                                   : copy_zero_init.obj (.text:decompress:ZI)
                  0000229a    0000000e                                   : copy_decompress_none.obj (.text:decompress:none)
                  000022a8    0000000c     tm4c123gh6pm_startup_ccs.obj (.text)
                  000022b4    00000006     rtsv7M4_T_le_v4SPD16_eabi.lib : copy_decompress_rle.obj (.text:decompress:rle24)

.cinit     0    000022c0    00000040     
                  000022c0    0000001b     (.cinit..data.load) [load image, compression = rle]
                  000022db    00000001     --HOLE-- [fill = 0]
                  000022dc    0000000c     (__TI_handler_table)
                  000022e8    00000008     (.cinit..bss.load) [load image, compression = zero_init]
                  000022f0    00000010     (__TI_cinit_table)

.bss       0    20000000    00000668     UNINITIALIZED
                  20000000    00000640     ethernet (2).obj (.bss:data)
                  20000640    00000004     (.common:arp)
                  20000644    00000004     (.common:enc28j60)
                  20000648    00000004     (.common:ether)
                  2000064c    00000004     (.common:icmp)
                  20000650    00000004     (.common:ip)
                  20000654    00000004     (.common:ipv4Address)
                  20000658    00000004     (.common:sum)
                  2000065c    00000004     (.common:tcp)
                  20000660    00000004     (.common:udp)
                  20000664    00000002     (.common:received_Checksum)
                  20000666    00000002     (.common:tcp_DataCount)

.stack     0    20000668    00000200     UNINITIALIZED
                  20000668    00000200     --HOLE--

.data      0    20000868    00000020     UNINITIALIZED
                  20000868    0000000c     enc28j60.obj (.data)
                  20000874    00000008     rtsv7M4_T_le_v4SPD16_eabi.lib : _lock.obj (.data)
                  2000087c    00000008                                   : exit.obj (.data)
                  20000884    00000004                                   : stkdepth_vars.obj (.data)


LINKER GENERATED COPY TABLES

__TI_cinit_table @ 000022f0 records: 2, size/record: 8, table size: 16
	.data: load addr=000022c0, load size=0000001b bytes, run addr=20000868, run size=00000020 bytes, compression=rle
	.bss: load addr=000022e8, load size=00000008 bytes, run addr=20000000, run size=00000668 bytes, compression=zero_init


LINKER GENERATED HANDLER TABLE

__TI_handler_table @ 000022dc records: 3, size/record: 4, table size: 12
	index: 0, handler: __TI_decompress_rle24
	index: 1, handler: __TI_decompress_none
	index: 2, handler: __TI_zero_init


GLOBAL SYMBOLS: SORTED ALPHABETICALLY BY Name 

address    name
--------   ----
000021f9   C$$EXIT
0000090d   EndianConversion
000022a9   ResetISR
UNDEFED    SHT$$INIT_ARRAY$$Base
UNDEFED    SHT$$INIT_ARRAY$$Limit
20000868   __STACK_END
00000200   __STACK_SIZE
20000868   __STACK_TOP
000022f0   __TI_CINIT_Base
00002300   __TI_CINIT_Limit
000022dc   __TI_Handler_Table_Base
000022e8   __TI_Handler_Table_Limit
00000001   __TI_args_main
00002079   __TI_auto_init
2000087c   __TI_cleanup_ptr
0000229b   __TI_decompress_none
000022b5   __TI_decompress_rle24
20000880   __TI_dtors_ptr
00000000   __TI_static_base__
00002289   __TI_zero_init
00001fdd   __aeabi_memcpy
00001fdd   __aeabi_memcpy4
00001fdd   __aeabi_memcpy8
ffffffff   __binit__
ffffffff   __c_args__
20000668   __stack
0000225d   _args_main
0000216d   _c_int00
20000874   _lock
00002283   _nop
0000227b   _register_lock
00002275   _register_unlock
20000878   _unlock
000021fd   abort
20000640   arp
ffffffff   binit
000021b5   copy_in
20000000   data
20000644   enc28j60
20000648   ether
00001181   etherCalcIpChecksum
00000345   etherClearReg
000002a1   etherCsOff
00000291   etherCsOn
00001cff   etherGetId
0000062d   etherGetPacket
00001133   etherGetTcpData
000010f3   etherGetUdpData
00001d0b   etherIncId
000004a1   etherInit
00000c71   etherIsArp
000009ff   etherIsIp
00000a65   etherIsIpUnicast
00000707   etherIsOverflow
00000ad9   etherIsPingReq
00000fe1   etherIsTcp
00000f2d   etherIsUdp
00001d15   etherIsValidIp
00000619   etherKbhit
0000072f   etherPutPacket
00000483   etherReadMem
00000471   etherReadMemStart
00000491   etherReadMemStop
000003cf   etherReadPhy
000002dd   etherReadReg
0000161d   etherRespondToData
0000183d   etherRespondToTelnetData
00001455   etherRespondtoHandshake1
00001b35   etherResponsetoTcpClose
00000e05   etherSendArpReq
00000cf9   etherSendArpResp
00000b31   etherSendPingResp
000011c9   etherSendUdpData
0000037b   etherSetBank
00001d39   etherSetIpAddress
0000030f   etherSetReg
00000811   etherSumWords
00000455   etherWriteMem
00000443   etherWriteMemStart
00000469   etherWriteMemStop
00000397   etherWritePhy
000002a9   etherWriteReg
000013ed   etherisHandshake1
00001a1f   etherisHandshake3
00001aad   etherisTcpClose
00002205   exit
00000000   g_pfnVectors
000009a1   getEtherChecksum
000009db   htons
2000064c   icmp
00001d95   initHw
20000650   ip
20000654   ipv4Address
2000086b   macAddress
00001e43   main
20000884   main_func_sp
00001fdd   memcpy
00000883   myEtherSumWords
20000868   nextPacketLsb
20000869   nextPacketMsb
20000664   received_Checksum
2000086a   sequenceId
00000289   spiRead
0000026d   spiWrite
20000658   sum
2000065c   tcp
20000666   tcp_DataCount
20000872   test
20000660   udp
0000223d   waitMicrosecond


GLOBAL SYMBOLS: SORTED BY Symbol Address 

address    name
--------   ----
00000000   __TI_static_base__
00000000   g_pfnVectors
00000001   __TI_args_main
00000200   __STACK_SIZE
0000026d   spiWrite
00000289   spiRead
00000291   etherCsOn
000002a1   etherCsOff
000002a9   etherWriteReg
000002dd   etherReadReg
0000030f   etherSetReg
00000345   etherClearReg
0000037b   etherSetBank
00000397   etherWritePhy
000003cf   etherReadPhy
00000443   etherWriteMemStart
00000455   etherWriteMem
00000469   etherWriteMemStop
00000471   etherReadMemStart
00000483   etherReadMem
00000491   etherReadMemStop
000004a1   etherInit
00000619   etherKbhit
0000062d   etherGetPacket
00000707   etherIsOverflow
0000072f   etherPutPacket
00000811   etherSumWords
00000883   myEtherSumWords
0000090d   EndianConversion
000009a1   getEtherChecksum
000009db   htons
000009ff   etherIsIp
00000a65   etherIsIpUnicast
00000ad9   etherIsPingReq
00000b31   etherSendPingResp
00000c71   etherIsArp
00000cf9   etherSendArpResp
00000e05   etherSendArpReq
00000f2d   etherIsUdp
00000fe1   etherIsTcp
000010f3   etherGetUdpData
00001133   etherGetTcpData
00001181   etherCalcIpChecksum
000011c9   etherSendUdpData
000013ed   etherisHandshake1
00001455   etherRespondtoHandshake1
0000161d   etherRespondToData
0000183d   etherRespondToTelnetData
00001a1f   etherisHandshake3
00001aad   etherisTcpClose
00001b35   etherResponsetoTcpClose
00001cff   etherGetId
00001d0b   etherIncId
00001d15   etherIsValidIp
00001d39   etherSetIpAddress
00001d95   initHw
00001e43   main
00001fdd   __aeabi_memcpy
00001fdd   __aeabi_memcpy4
00001fdd   __aeabi_memcpy8
00001fdd   memcpy
00002079   __TI_auto_init
0000216d   _c_int00
000021b5   copy_in
000021f9   C$$EXIT
000021fd   abort
00002205   exit
0000223d   waitMicrosecond
0000225d   _args_main
00002275   _register_unlock
0000227b   _register_lock
00002283   _nop
00002289   __TI_zero_init
0000229b   __TI_decompress_none
000022a9   ResetISR
000022b5   __TI_decompress_rle24
000022dc   __TI_Handler_Table_Base
000022e8   __TI_Handler_Table_Limit
000022f0   __TI_CINIT_Base
00002300   __TI_CINIT_Limit
20000000   data
20000640   arp
20000644   enc28j60
20000648   ether
2000064c   icmp
20000650   ip
20000654   ipv4Address
20000658   sum
2000065c   tcp
20000660   udp
20000664   received_Checksum
20000666   tcp_DataCount
20000668   __stack
20000868   __STACK_END
20000868   __STACK_TOP
20000868   nextPacketLsb
20000869   nextPacketMsb
2000086a   sequenceId
2000086b   macAddress
20000872   test
20000874   _lock
20000878   _unlock
2000087c   __TI_cleanup_ptr
20000880   __TI_dtors_ptr
20000884   main_func_sp
ffffffff   __binit__
ffffffff   __c_args__
ffffffff   binit
UNDEFED    SHT$$INIT_ARRAY$$Base
UNDEFED    SHT$$INIT_ARRAY$$Limit

[110 symbols]
